"15-block.cl", line 4:23, Syntax error: mismatched input ';' expecting {'}', '.', '@', '+', '-', '*', '/', '=', '<', '<='}
"15-block.cl", line 5:20, Syntax error: extraneous input ';' expecting {'if', 'case', 'while', BOOL, '(', '{', '}', '-', 'isvoid', 'not', 'new', '~', 'let', ID, INT, STRING}
"15-block.cl", line 7:5, Syntax error: extraneous input '}' expecting ';'
Compilation halted
