"16-string-special-chars.cl", line 4:20, Lexical error: nterminated string constan
"16-string-special-chars.cl", line 5:3, Lexical error: nterminated string constan
Compilation halted
